探针：dist（label=m-disk-red）· 页面 186 个 · 导航 504 次 · JS 错误 0
样本推导：deal：deal/017bdbc04e70/（id 在 deals.json 里） · model：models/360zhinao-pro/（slug 在 models.json 里） · category：category/agent/（在 sitemap.xml 里） · vendor：vendor/ai360/（在 sitemap.xml 里） · archive-detail：产物里没有可用路由（跳过，如实记录）
样本集 22 个：/ student/ developer/ free-api/ need/edu-identity/ need/free-tier/ need/dev-credits/ category/ vendor/ status/ changes/ feeds/ plans/ plans/coding/ plans/api/ models/ archive/ docs/data/ deal/017bdbc04e70/ models/360zhinao-pro/ category/agent/ vendor/ai360/

页面                      @vw   main宽   数据区   顶部说明  底部说明  说明left..right       ratio   scrollW  码                                      
/                         1440  1380     1380     （无）    —         —                     -       1440     无                                      
/                         1280  1240     1240     （无）    —         —                     -       1280     无                                      
/                         1024  984      984      （无）    —         —                     -       1024     无                                      
/                         760   728      728      （无）    —         —                     -       760      无                                      
/                         390   358      358      （无）    —         —                     -       390      无                                      
/                         360   328      328      （无）    —         —                     -       360      无                                      
student/                  1440  1380     1380     1380px    1380px    30..1410              1.000   1440     无                                      
student/                  1280  1240     1240     1240px    1240px    20..1260              1.000   1280     无                                      
student/                  1024  984      984      984px     984px     20..1004              1.000   1024     无                                      
student/                  760   728      728      728px     728px     16..744               1.000   760      无                                      
student/                  390   358      421.3    358px     358px     16..374               1.000   390      无                                      
student/                  360   328      421.3    328px     328px     16..344               1.000   360      无                                      
developer/                1440  1380     1380     1380px    1380px    30..1410              1.000   1440     无                                      
developer/                1280  1240     1240     1240px    1240px    20..1260              1.000   1280     无                                      
developer/                1024  984      984      984px     984px     20..1004              1.000   1024     无                                      
developer/                760   728      728      728px     728px     16..744               1.000   760      无                                      
developer/                390   358      423.5    358px     358px     16..374               1.000   390      无                                      
developer/                360   328      423.5    328px     328px     16..344               1.000   360      无                                      
free-api/                 1440  1380     1380     1380px    1380px    30..1410              1.000   1440     无                                      
free-api/                 1280  1240     1240     1240px    1240px    20..1260              1.000   1280     无                                      
free-api/                 1024  984      984      984px     984px     20..1004              1.000   1024     无                                      
free-api/                 760   728      728      728px     728px     16..744               1.000   760      无                                      
free-api/                 390   358      423.5    358px     358px     16..374               1.000   390      无                                      
free-api/                 360   328      423.5    328px     328px     16..344               1.000   360      无                                      
need/edu-identity/        1440  1380     1380     1380px    1380px    30..1410              1.000   1440     无                                      
need/edu-identity/        1280  1240     1240     1240px    1240px    20..1260              1.000   1280     无                                      
need/edu-identity/        1024  984      984      984px     984px     20..1004              1.000   1024     无                                      
need/edu-identity/        760   728      728      728px     728px     16..744               1.000   760      无                                      
need/edu-identity/        390   358      457.3    358px     358px     16..374               1.000   390      无                                      
need/edu-identity/        360   328      457.3    328px     328px     16..344               1.000   360      无                                      
need/free-tier/           1440  1380     1380     1380px    1380px    30..1410              1.000   1440     无                                      
need/free-tier/           1280  1240     1240     1240px    1240px    20..1260              1.000   1280     无                                      
need/free-tier/           1024  984      984      984px     984px     20..1004              1.000   1024     无                                      
need/free-tier/           760   728      728      728px     728px     16..744               1.000   760      无                                      
need/free-tier/           390   358      459.5    358px     358px     16..374               1.000   390      无                                      
need/free-tier/           360   328      459.5    328px     328px     16..344               1.000   360      无                                      
need/dev-credits/         1440  1380     1380     1380px    1380px    30..1410              1.000   1440     无                                      
need/dev-credits/         1280  1240     1240     1240px    1240px    20..1260              1.000   1280     无                                      
need/dev-credits/         1024  984      984      984px     984px     20..1004              1.000   1024     无                                      
need/dev-credits/         760   728      728      728px     728px     16..744               1.000   760      无                                      
need/dev-credits/         390   358      459.5    358px     358px     16..374               1.000   390      无                                      
need/dev-credits/         360   328      459.5    328px     328px     16..344               1.000   360      无                                      
category/                 1440  1380     1380     1380px    1380px    30..1410              1.000   1440     无                                      
category/                 1280  1240     1240     1240px    1240px    20..1260              1.000   1280     无                                      
category/                 1024  984      984      984px     984px     20..1004              1.000   1024     无                                      
category/                 760   728      728      728px     728px     16..744               1.000   760      无                                      
category/                 390   358      358      358px     358px     16..374               1.000   390      无                                      
category/                 360   328      328      328px     328px     16..344               1.000   360      无                                      
vendor/                   1440  1380     1380     1380px    1380px    30..1410              1.000   1440     无                                      
vendor/                   1280  1240     1240     1240px    1240px    20..1260              1.000   1280     无                                      
vendor/                   1024  984      984      984px     984px     20..1004              1.000   1024     无                                      
vendor/                   760   728      728      728px     728px     16..744               1.000   760      无                                      
vendor/                   390   358      358      358px     358px     16..374               1.000   390      无                                      
vendor/                   360   328      328      328px     328px     16..344               1.000   360      无                                      
status/                   1440  1380     1380     1380px    1380px    30..1410              1.000   1440     无                                      
status/                   1280  1240     1240     1240px    1240px    20..1260              1.000   1280     无                                      
status/                   1024  984      984      984px     984px     20..1004              1.000   1024     无                                      
status/                   760   728      728      728px     728px     16..744               1.000   760      无                                      
status/                   390   358      495.39   358px     358px     16..374               1.000   390      无                                      
status/                   360   328      495.39   328px     328px     16..344               1.000   360      无                                      
changes/                  1440  1380     1380     1380px    1380px    30..1410              1.000   1440     无                                      
changes/                  1280  1240     1240     1240px    1240px    20..1260              1.000   1280     无                                      
changes/                  1024  984      984      984px     984px     20..1004              1.000   1024     无                                      
changes/                  760   728      728      728px     728px     16..744               1.000   760      无                                      
changes/                  390   358      358      358px     358px     16..374               1.000   390      无                                      
changes/                  360   328      328      328px     328px     16..344               1.000   360      无                                      
feeds/                    1440  1380     1380     452.81px  452.81px  30..482.81            0.328   1440     note-narrow,note-axis                   
feeds/                    1280  1240     1240     452.81px  452.81px  20..472.81            0.365   1280     note-narrow,note-axis                   
feeds/                    1024  984      984      452.81px  452.81px  20..472.81            0.460   1024     note-narrow,note-axis                   
feeds/                    760   728      728      452.81px  452.81px  16..468.81            0.622   760      note-narrow,note-axis                   
feeds/                    390   358      358      358px     358px     16..374               1.000   390      无                                      
feeds/                    360   328      328      328px     328px     16..344               1.000   360      无                                      
plans/                    1440  1380     1328     1380px    1380px    30..1410              1.039   1440     无                                      
plans/                    1280  1240     1188     1240px    1240px    20..1260              1.044   1280     无                                      
plans/                    1024  984      932      984px     984px     20..1004              1.056   1024     无                                      
plans/                    760   728      676      728px     728px     16..744               1.077   760      无                                      
plans/                    390   358      306      358px     358px     16..374               1.170   390      无                                      
plans/                    360   328      276      328px     328px     16..344               1.188   360      无                                      
plans/coding/             1440  1380     1380     1380px    1380px    30..1410              1.000   1440     无                                      
plans/coding/             1280  1240     1240     1240px    1240px    20..1260              1.000   1280     无                                      
plans/coding/             1024  984      1121.03  984px     984px     20..1004              1.000   1024     无                                      
plans/coding/             760   728      1055.17  728px     728px     16..744               1.000   760      无                                      
plans/coding/             390   358      1055.17  358px     358px     16..374               1.000   390      无                                      
plans/coding/             360   328      1055.17  328px     328px     16..344               1.000   360      无                                      
plans/api/                1440  1380     1380     1380px    1380px    30..1410              1.000   1440     无                                      
plans/api/                1280  1240     1240     1240px    1240px    20..1260              1.000   1280     无                                      
plans/api/                1024  984      1235.41  984px     984px     20..1004              1.000   1024     无                                      
plans/api/                760   728      1003.45  728px     728px     16..744               1.000   760      无                                      
plans/api/                390   358      1003.45  358px     358px     16..374               1.000   390      无                                      
plans/api/                360   328      1003.45  328px     328px     16..344               1.000   360      无                                      
models/                   1440  1380     1380     1380px    1380px    30..1410              1.000   1440     无                                      
models/                   1280  1240     1240     1240px    1240px    20..1260              1.000   1280     无                                      
models/                   1024  984      984      984px     984px     20..1004              1.000   1024     无                                      
models/                   760   728      813.34   728px     728px     16..744               1.000   760      无                                      
models/                   390   358      813.34   358px     358px     16..374               1.000   390      无                                      
models/                   360   328      813.34   328px     328px     16..344               1.000   360      无                                      
archive/                  1440  1380     1380     1380px    1380px    30..1410              1.000   1440     无                                      
archive/                  1280  1240     1240     1240px    1240px    20..1260              1.000   1280     无                                      
archive/                  1024  984      984      984px     984px     20..1004              1.000   1024     无                                      
archive/                  760   728      728      728px     728px     16..744               1.000   760      无                                      
archive/                  390   358      358      358px     358px     16..374               1.000   390      无                                      
archive/                  360   328      328      328px     328px     16..344               1.000   360      无                                      
docs/data/                1440  1380     1380     1380px    1380px    30..1410              1.000   1440     无                                      
docs/data/                1280  1240     1240     1240px    1240px    20..1260              1.000   1280     无                                      
docs/data/                1024  984      984      984px     984px     20..1004              1.000   1024     无                                      
docs/data/                760   728      773.52   728px     728px     16..744               1.000   760      无                                      
docs/data/                390   358      773.52   358px     358px     16..374               1.000   390      无                                      
docs/data/                360   328      773.52   328px     328px     16..344               1.000   360      无                                      
deal/017bdbc04e70/        1440  1120     1120     （无）    —         —                     -       1440     无                                      
deal/017bdbc04e70/        1280  1120     1120     （无）    —         —                     -       1280     无                                      
deal/017bdbc04e70/        1024  984      984      （无）    —         —                     -       1024     无                                      
deal/017bdbc04e70/        760   728      728      （无）    —         —                     -       760      无                                      
deal/017bdbc04e70/        390   358      358      （无）    —         —                     -       390      无                                      
deal/017bdbc04e70/        360   328      328      （无）    —         —                     -       360      无                                      
models/360zhinao-pro/     1440  1120     1120     1120px    1120px    160..1280             1.000   1440     无                                      
models/360zhinao-pro/     1280  1120     1120     1120px    1120px    80..1200              1.000   1280     无                                      
models/360zhinao-pro/     1024  984      984      984px     984px     20..1004              1.000   1024     无                                      
models/360zhinao-pro/     760   728      728      728px     728px     16..744               1.000   760      无                                      
models/360zhinao-pro/     390   358      710.08   358px     358px     16..374               1.000   390      无                                      
models/360zhinao-pro/     360   328      710.08   328px     328px     16..344               1.000   360      无                                      
category/agent/           1440  1380     1380     1380px    1380px    30..1410              1.000   1440     无                                      
category/agent/           1280  1240     1240     1240px    1240px    20..1260              1.000   1280     无                                      
category/agent/           1024  984      984      984px     984px     20..1004              1.000   1024     无                                      
category/agent/           760   728      728      728px     728px     16..744               1.000   760      无                                      
category/agent/           390   358      424.56   358px     358px     16..374               1.000   390      无                                      
category/agent/           360   328      424.56   328px     328px     16..344               1.000   360      无                                      
vendor/ai360/             1440  1380     1380     1380px    1380px    30..1410              1.000   1440     无                                      
vendor/ai360/             1280  1240     1240     1240px    1240px    20..1260              1.000   1280     无                                      
vendor/ai360/             1024  984      984      984px     984px     20..1004              1.000   1024     无                                      
vendor/ai360/             760   728      728      728px     728px     16..744               1.000   760      无                                      
vendor/ai360/             390   358      415.56   358px     358px     16..374               1.000   390      无                                      
vendor/ai360/             360   328      415.56   328px     328px     16..344               1.000   360      无                                      

全站扫描：186 页 · 违规页 1 · 违规码计数 {"note-narrow":1,"note-axis":1}
样本违规：4 条
❌ 探针结论：5 处违规码 · 证据 research/_raw/secondary-page-layout-unification/mutations-real/M-disk.probe-red.json
